// Jest Snapshot v1, https://goo.gl/fbAQLP

exports[`AddTodo component Should render the AddTodo component 1`] = `ShallowWrapper {}`;
