// Jest Snapshot v1, https://goo.gl/fbAQLP

exports[`Todos component Should render the Todos component 1`] = `ShallowWrapper {}`;
