// Jest Snapshot v1, https://goo.gl/fbAQLP

exports[`Button.js should render the button component 1`] = `ShallowWrapper {}`;
