// Jest Snapshot v1, https://goo.gl/fbAQLP

exports[`Checkbox.js should render the checkbox component 1`] = `ShallowWrapper {}`;
