// Jest Snapshot v1, https://goo.gl/fbAQLP

exports[`Input.jsx should render the input component 1`] = `ShallowWrapper {}`;
